Something has gone very wrong
['bidule']
['hello']
['bonjour']
['france']
['USA']
['test']
['test']
['test']
['france']
['france']
['france']
['france']
['france']
['france']
['france']
['france']
['france']
['france']
['france']
['france']
['france']
['france']
['france']
['france']
['france']
['france']
['france']
['france']
['france']
['france']
['france']
['france']
['france']
['test']
['test']
['test']
['hhh']
['france']
['france']
['france']
['france']
['france']
['france']
['france']
['france']
['toto']
['toto']
['france']
['france']
['france']
['I hate white people']
['I hate white people']
['I hate white people']
